../Core/Src/main.c:70:6:HAL_GPIO_EXTI_Callback	24	static
../Core/Src/main.c:81:6:HAL_UART_RxCpltCallback	16	static
../Core/Src/main.c:86:6:HAL_UART_TxCpltCallback	16	static
../Core/Src/main.c:129:5:main	152	static
../Core/Src/main.c:300:6:SystemClock_Config	88	static
../Core/Src/main.c:347:13:MX_ADC1_Init	24	static
../Core/Src/main.c:399:13:MX_TIM1_Init	96	static
../Core/Src/main.c:474:13:MX_TIM2_Init	32	static
../Core/Src/main.c:519:13:MX_USART1_UART_Init	8	static
../Core/Src/main.c:552:13:MX_USART2_UART_Init	8	static
../Core/Src/main.c:583:13:MX_DMA_Init	16	static
../Core/Src/main.c:601:13:MX_GPIO_Init	48	static
../Core/Src/main.c:663:6:Error_Handler	4	static,ignoring_inline_asm
