../Core/Src/main.c:58:6:HAL_UART_RxCpltCallback	16	static
../Core/Src/main.c:63:6:HAL_UART_TxCpltCallback	16	static
../Core/Src/main.c:90:5:main	80	static
../Core/Src/main.c:189:6:SystemClock_Config	88	static
../Core/Src/main.c:236:13:MX_TIM1_Init	96	static
../Core/Src/main.c:311:13:MX_USART1_UART_Init	8	static
../Core/Src/main.c:344:13:MX_USART2_UART_Init	8	static
../Core/Src/main.c:375:13:MX_DMA_Init	16	static
../Core/Src/main.c:393:13:MX_GPIO_Init	48	static
../Core/Src/main.c:439:6:Error_Handler	4	static,ignoring_inline_asm
